Archive member included to satisfy reference by file (symbol)

D:/ST/STM32CubeIDE_1.13.2/STM32CubeIDE/plugins/com.st.stm32cube.ide.mcu.externaltools.gnu-tools-for-stm32.11.3.rel1.win32_1.1.1.202309131626/tools/bin/../lib/gcc/arm-none-eabi/11.3.1/../../../../arm-none-eabi/lib/thumb/v7-m/nofp\libc_nano.a(libc_a-exit.o)
                              D:/ST/STM32CubeIDE_1.13.2/STM32CubeIDE/plugins/com.st.stm32cube.ide.mcu.externaltools.gnu-tools-for-stm32.11.3.rel1.win32_1.1.1.202309131626/tools/bin/../lib/gcc/arm-none-eabi/11.3.1/../../../../arm-none-eabi/lib/thumb/v7-m/nofp/crt0.o (exit)
D:/ST/STM32CubeIDE_1.13.2/STM32CubeIDE/plugins/com.st.stm32cube.ide.mcu.externaltools.gnu-tools-for-stm32.11.3.rel1.win32_1.1.1.202309131626/tools/bin/../lib/gcc/arm-none-eabi/11.3.1/../../../../arm-none-eabi/lib/thumb/v7-m/nofp\libc_nano.a(libc_a-findfp.o)
                              D:/ST/STM32CubeIDE_1.13.2/STM32CubeIDE/plugins/com.st.stm32cube.ide.mcu.externaltools.gnu-tools-for-stm32.11.3.rel1.win32_1.1.1.202309131626/tools/bin/../lib/gcc/arm-none-eabi/11.3.1/../../../../arm-none-eabi/lib/thumb/v7-m/nofp\libc_nano.a(libc_a-exit.o) (__stdio_exit_handler)
D:/ST/STM32CubeIDE_1.13.2/STM32CubeIDE/plugins/com.st.stm32cube.ide.mcu.externaltools.gnu-tools-for-stm32.11.3.rel1.win32_1.1.1.202309131626/tools/bin/../lib/gcc/arm-none-eabi/11.3.1/../../../../arm-none-eabi/lib/thumb/v7-m/nofp\libc_nano.a(libc_a-fwalk.o)
                              D:/ST/STM32CubeIDE_1.13.2/STM32CubeIDE/plugins/com.st.stm32cube.ide.mcu.externaltools.gnu-tools-for-stm32.11.3.rel1.win32_1.1.1.202309131626/tools/bin/../lib/gcc/arm-none-eabi/11.3.1/../../../../arm-none-eabi/lib/thumb/v7-m/nofp\libc_nano.a(libc_a-findfp.o) (_fwalk_sglue)
D:/ST/STM32CubeIDE_1.13.2/STM32CubeIDE/plugins/com.st.stm32cube.ide.mcu.externaltools.gnu-tools-for-stm32.11.3.rel1.win32_1.1.1.202309131626/tools/bin/../lib/gcc/arm-none-eabi/11.3.1/../../../../arm-none-eabi/lib/thumb/v7-m/nofp\libc_nano.a(libc_a-stdio.o)
                              D:/ST/STM32CubeIDE_1.13.2/STM32CubeIDE/plugins/com.st.stm32cube.ide.mcu.externaltools.gnu-tools-for-stm32.11.3.rel1.win32_1.1.1.202309131626/tools/bin/../lib/gcc/arm-none-eabi/11.3.1/../../../../arm-none-eabi/lib/thumb/v7-m/nofp\libc_nano.a(libc_a-findfp.o) (__sread)
D:/ST/STM32CubeIDE_1.13.2/STM32CubeIDE/plugins/com.st.stm32cube.ide.mcu.externaltools.gnu-tools-for-stm32.11.3.rel1.win32_1.1.1.202309131626/tools/bin/../lib/gcc/arm-none-eabi/11.3.1/../../../../arm-none-eabi/lib/thumb/v7-m/nofp\libc_nano.a(libc_a-memset.o)
                              D:/ST/STM32CubeIDE_1.13.2/STM32CubeIDE/plugins/com.st.stm32cube.ide.mcu.externaltools.gnu-tools-for-stm32.11.3.rel1.win32_1.1.1.202309131626/tools/bin/../lib/gcc/arm-none-eabi/11.3.1/../../../../arm-none-eabi/lib/thumb/v7-m/nofp/crt0.o (memset)
D:/ST/STM32CubeIDE_1.13.2/STM32CubeIDE/plugins/com.st.stm32cube.ide.mcu.externaltools.gnu-tools-for-stm32.11.3.rel1.win32_1.1.1.202309131626/tools/bin/../lib/gcc/arm-none-eabi/11.3.1/../../../../arm-none-eabi/lib/thumb/v7-m/nofp\libc_nano.a(libc_a-closer.o)
                              D:/ST/STM32CubeIDE_1.13.2/STM32CubeIDE/plugins/com.st.stm32cube.ide.mcu.externaltools.gnu-tools-for-stm32.11.3.rel1.win32_1.1.1.202309131626/tools/bin/../lib/gcc/arm-none-eabi/11.3.1/../../../../arm-none-eabi/lib/thumb/v7-m/nofp\libc_nano.a(libc_a-stdio.o) (_close_r)
D:/ST/STM32CubeIDE_1.13.2/STM32CubeIDE/plugins/com.st.stm32cube.ide.mcu.externaltools.gnu-tools-for-stm32.11.3.rel1.win32_1.1.1.202309131626/tools/bin/../lib/gcc/arm-none-eabi/11.3.1/../../../../arm-none-eabi/lib/thumb/v7-m/nofp\libc_nano.a(libc_a-reent.o)
                              D:/ST/STM32CubeIDE_1.13.2/STM32CubeIDE/plugins/com.st.stm32cube.ide.mcu.externaltools.gnu-tools-for-stm32.11.3.rel1.win32_1.1.1.202309131626/tools/bin/../lib/gcc/arm-none-eabi/11.3.1/../../../../arm-none-eabi/lib/thumb/v7-m/nofp\libc_nano.a(libc_a-closer.o) (errno)
D:/ST/STM32CubeIDE_1.13.2/STM32CubeIDE/plugins/com.st.stm32cube.ide.mcu.externaltools.gnu-tools-for-stm32.11.3.rel1.win32_1.1.1.202309131626/tools/bin/../lib/gcc/arm-none-eabi/11.3.1/../../../../arm-none-eabi/lib/thumb/v7-m/nofp\libc_nano.a(libc_a-impure.o)
                              D:/ST/STM32CubeIDE_1.13.2/STM32CubeIDE/plugins/com.st.stm32cube.ide.mcu.externaltools.gnu-tools-for-stm32.11.3.rel1.win32_1.1.1.202309131626/tools/bin/../lib/gcc/arm-none-eabi/11.3.1/../../../../arm-none-eabi/lib/thumb/v7-m/nofp\libc_nano.a(libc_a-reent.o) (_impure_ptr)
D:/ST/STM32CubeIDE_1.13.2/STM32CubeIDE/plugins/com.st.stm32cube.ide.mcu.externaltools.gnu-tools-for-stm32.11.3.rel1.win32_1.1.1.202309131626/tools/bin/../lib/gcc/arm-none-eabi/11.3.1/../../../../arm-none-eabi/lib/thumb/v7-m/nofp\libc_nano.a(libc_a-lseekr.o)
[...]
Memory Configuration

Name             Origin             Length             Attributes
RAM              0x0000000020000000 0x0000000000005000 xrw
FLASH            0x0000000008000000 0x0000000000010000 xr
*default*        0x0000000000000000 0xffffffffffffffff

Linker script and memory map

LOAD D:/ST/STM32CubeIDE_1.13.2/STM32CubeIDE/plugins/com.st.stm32cube.ide.mcu.externaltools.gnu-tools-for-stm32.11.3.rel1.win32_1.1.1.202309131626/tools/bin/../lib/gcc/arm-none-eabi/11.3.1/thumb/v7-m/nofp/crti.o
LOAD D:/ST/STM32CubeIDE_1.13.2/STM32CubeIDE/plugins/com.st.stm32cube.ide.mcu.externaltools.gnu-tools-for-stm32.11.3.rel1.win32_1.1.1.202309131626/tools/bin/../lib/gcc/arm-none-eabi/11.3.1/thumb/v7-m/nofp/crtbegin.o
LOAD D:/ST/STM32CubeIDE_1.13.2/STM32CubeIDE/plugins/com.st.stm32cube.ide.mcu.externaltools.gnu-tools-for-stm32.11.3.rel1.win32_1.1.1.202309131626/tools/bin/../lib/gcc/arm-none-eabi/11.3.1/../../../../arm-none-eabi/lib/thumb/v7-m/nofp/crt0.o
LOAD ./Core/Src/main.o
LOAD ./Core/Src/stm32f1xx_hal_msp.o
LOAD ./Core/Src/stm32f1xx_it.o
LOAD ./Core/Src/syscalls.o
LOAD ./Core/Src/sysmem.o
LOAD ./Core/Src/system_stm32f1xx.o
LOAD ./Core/Startup/startup_stm32f103c8tx.o
LOAD ./Drivers/STM32F1xx_HAL_Driver/Src/stm32f1xx_hal.o
LOAD ./Drivers/STM32F1xx_HAL_Driver/Src/stm32f1xx_hal_adc.o
LOAD ./Drivers/STM32F1xx_HAL_Driver/Src/stm32f1xx_hal_adc_ex.o
LOAD ./Drivers/STM32F1xx_HAL_Driver/Src/stm32f1xx_hal_cortex.o
LOAD ./Drivers/STM32F1xx_HAL_Driver/Src/stm32f1xx_hal_dma.o
LOAD ./Drivers/STM32F1xx_HAL_Driver/Src/stm32f1xx_hal_exti.o
LOAD ./Drivers/STM32F1xx_HAL_Driver/Src/stm32f1xx_hal_flash.o
LOAD ./Drivers/STM32F1xx_HAL_Driver/Src/stm32f1xx_hal_flash_ex.o
LOAD ./Drivers/STM32F1xx_HAL_Driver/Src/stm32f1xx_hal_gpio.o
LOAD ./Drivers/STM32F1xx_HAL_Driver/Src/stm32f1xx_hal_gpio_ex.o
LOAD ./Drivers/STM32F1xx_HAL_Driver/Src/stm32f1xx_hal_i2c.o
LOAD ./Drivers/STM32F1xx_HAL_Driver/Src/stm32f1xx_hal_pwr.o
LOAD ./Drivers/STM32F1xx_HAL_Driver/Src/stm32f1xx_hal_rcc.o
LOAD ./Drivers/STM32F1xx_HAL_Driver/Src/stm32f1xx_hal_rcc_ex.o
LOAD ./Drivers/STM32F1xx_HAL_Driver/Src/stm32f1xx_hal_tim.o
LOAD ./Drivers/STM32F1xx_HAL_Driver/Src/stm32f1xx_hal_tim_ex.o
LOAD ./Drivers/STM32F1xx_HAL_Driver/Src/stm32f1xx_hal_uart.o
LOAD ./libs/lcd_i2c.o
START GROUP
LOAD D:/ST/STM32CubeIDE_1.13.2/STM32CubeIDE/plugins/com.st.stm32cube.ide.mcu.externaltools.gnu-tools-for-stm32.11.3.rel1.win32_1.1.1.202309131626/tools/bin/../lib/gcc/arm-none-eabi/11.3.1/../../../../arm-none-eabi/lib/thumb/v7-m/nofp\libc_nano.a
LOAD D:/ST/STM32CubeIDE_1.13.2/STM32CubeIDE/plugins/com.st.stm32cube.ide.mcu.externaltools.gnu-tools-for-stm32.11.3.rel1.win32_1.1.1.202309131626/tools/bin/../lib/gcc/arm-none-eabi/11.3.1/../../../../arm-none-eabi/lib/thumb/v7-m/nofp\libm.a
END GROUP
START GROUP
LOAD D:/ST/STM32CubeIDE_1.13.2/STM32CubeIDE/plugins/com.st.stm32cube.ide.mcu.externaltools.gnu-tools-for-stm32.11.3.rel1.win32_1.1.1.202309131626/tools/bin/../lib/gcc/arm-none-eabi/11.3.1/thumb/v7-m/nofp\libgcc.a
LOAD D:/ST/STM32CubeIDE_1.13.2/STM32CubeIDE/plugins/com.st.stm32cube.ide.mcu.externaltools.gnu-tools-for-stm32.11.3.rel1.win32_1.1.1.202309131626/tools/bin/../lib/gcc/arm-none-eabi/11.3.1/../../../../arm-none-eabi/lib/thumb/v7-m/nofp\libc_nano.a
END GROUP
START GROUP
LOAD D:/ST/STM32CubeIDE_1.13.2/STM32CubeIDE/plugins/com.st.stm32cube.ide.mcu.externaltools.gnu-tools-for-stm32.11.3.rel1.win32_1.1.1.202309131626/tools/bin/../lib/gcc/arm-none-eabi/11.3.1/thumb/v7-m/nofp\libgcc.a
LOAD D:/ST/STM32CubeIDE_1.13.2/STM32CubeIDE/plugins/com.st.stm32cube.ide.mcu.externaltools.gnu-tools-for-stm32.11.3.rel1.win32_1.1.1.202309131626/tools/bin/../lib/gcc/arm-none-eabi/11.3.1/../../../../arm-none-eabi/lib/thumb/v7-m/nofp\libc_nano.a
LOAD D:/ST/STM32CubeIDE_1.13.2/STM32CubeIDE/plugins/com.st.stm32cube.ide.mcu.externaltools.gnu-tools-for-stm32.11.3.rel1.win32_1.1.1.202309131626/tools/bin/../lib/gcc/arm-none-eabi/11.3.1/../../../../arm-none-eabi/lib/thumb/v7-m/nofp\libnosys.a
END GROUP
START GROUP
LOAD D:/ST/STM32CubeIDE_1.13.2/STM32CubeIDE/plugins/com.st.stm32cube.ide.mcu.externaltools.gnu-tools-for-stm32.11.3.rel1.win32_1.1.1.202309131626/tools/bin/../lib/gcc/arm-none-eabi/11.3.1/thumb/v7-m/nofp\libgcc.a
LOAD D:/ST/STM32CubeIDE_1.13.2/STM32CubeIDE/plugins/com.st.stm32cube.ide.mcu.externaltools.gnu-tools-for-stm32.11.3.rel1.win32_1.1.1.202309131626/tools/bin/../lib/gcc/arm-none-eabi/11.3.1/../../../../arm-none-eabi/lib/thumb/v7-m/nofp\libc_nano.a
LOAD D:/ST/STM32CubeIDE_1.13.2/STM32CubeIDE/plugins/com.st.stm32cube.ide.mcu.externaltools.gnu-tools-for-stm32.11.3.rel1.win32_1.1.1.202309131626/tools/bin/../lib/gcc/arm-none-eabi/11.3.1/../../../../arm-none-eabi/lib/thumb/v7-m/nofp\libnosys.a
END GROUP
LOAD D:/ST/STM32CubeIDE_1.13.2/STM32CubeIDE/plugins/com.st.stm32cube.ide.mcu.externaltools.gnu-tools-for-stm32.11.3.rel1.win32_1.1.1.202309131626/tools/bin/../lib/gcc/arm-none-eabi/11.3.1/thumb/v7-m/nofp/crtend.o
LOAD D:/ST/STM32CubeIDE_1.13.2/STM32CubeIDE/plugins/com.st.stm32cube.ide.mcu.externaltools.gnu-tools-for-stm32.11.3.rel1.win32_1.1.1.202309131626/tools/bin/../lib/gcc/arm-none-eabi/11.3.1/thumb/v7-m/nofp/crtn.o
                0x0000000020005000                _estack = (ORIGIN (RAM) + LENGTH (RAM))
                0x0000000000000200                _Min_Heap_Size = 0x200
                0x0000000000000400                _Min_Stack_Size = 0x400

.isr_vector     0x0000000008000000      0x10c
                0x0000000008000000                . = ALIGN (0x4)
 *(.isr_vector)
 .isr_vector    0x0000000008000000      0x10c ./Core/Startup/startup_stm32f103c8tx.o
                0x0000000008000000                g_pfnVectors
                0x000000000800010c                . = ALIGN (0x4)

.text           0x000000000800010c     0x3940
                0x000000000800010c                . = ALIGN (0x4)
 *(.text)
 .text          0x000000000800010c       0x40 D:/ST/STM32CubeIDE_1.13.2/STM32CubeIDE/plugins/com.st.stm32cube.ide.mcu.externaltools.gnu-tools-for-stm32.11.3.rel1.win32_1.1.1.202309131626/tools/bin/../lib/gcc/arm-none-eabi/11.3.1/thumb/v7-m/nofp/crtbegin.o
 .text          0x000000000800014c       0x10 D:/ST/STM32CubeIDE_1.13.2/STM32CubeIDE/plugins/com.st.stm32cube.ide.mcu.externaltools.gnu-tools-for-stm32.11.3.rel1.win32_1.1.1.202309131626/tools/bin/../lib/gcc/arm-none-eabi/11.3.1/../../../../arm-none-eabi/lib/thumb/v7-m/nofp\libc_nano.a(libc_a-strlen.o)
                0x000000000800014c                strlen
 *(.text*)
 .text.Display_by_Solenoid
                0x000000000800015c       0x94 ./Core/Src/main.o
                0x000000000800015c                Display_by_Solenoid
 .text.Capital_Letter
                0x00000000080001f0       0x28 ./Core/Src/main.o
                0x00000000080001f0                Capital_Letter
 .text.number   0x0000000008000218       0x24 ./Core/Src/main.o
                0x0000000008000218                number
 .text.chuyen   0x000000000800023c       0x54 ./Core/Src/main.o
                0x000000000800023c                chuyen
 .text.HAL_GPIO_EXTI_Callback
                0x0000000008000290       0x50 ./Core/Src/main.o
                0x0000000008000290                HAL_GPIO_EXTI_Callback
 .text.HAL_UART_RxCpltCallback
                0x00000000080002e0       0x24 ./Core/Src/main.o
                0x00000000080002e0                HAL_UART_RxCpltCallback
 .text.Saving   0x0000000008000304       0x34 ./Core/Src/main.o
                0x0000000008000304                Saving
 .text.main     0x0000000008000338      0x440 ./Core/Src/main.o
                0x0000000008000338                main
 .text.SystemClock_Config
                0x0000000008000778       0xa0 ./Core/Src/main.o
                0x0000000008000778                SystemClock_Config
 .text.MX_ADC1_Init
                0x0000000008000818       0x7c ./Core/Src/main.o
 .text.MX_I2C1_Init
                0x0000000008000894       0x5c ./Core/Src/main.o
 .text.MX_USART2_UART_Init
                0x00000000080008f0       0x54 ./Core/Src/main.o
 .text.MX_DMA_Init
                0x0000000008000944       0x3c ./Core/Src/main.o
 .text.MX_GPIO_Init
                0x0000000008000980      0x100 ./Core/Src/main.o
 .text.Error_Handler
                0x0000000008000a80        0xa ./Core/Src/main.o
                0x0000000008000a80                Error_Handler
 *fill*         0x0000000008000a8a        0x2 
 .text.HAL_MspInit
                0x0000000008000a8c       0x64 ./Core/Src/stm32f1xx_hal_msp.o
                0x0000000008000a8c                HAL_MspInit
 .text.HAL_ADC_MspInit
                0x0000000008000af0       0x78 ./Core/Src/stm32f1xx_hal_msp.o
                0x0000000008000af0                HAL_ADC_MspInit
 .text.HAL_I2C_MspInit
                0x0000000008000b68       0x7c ./Core/Src/stm32f1xx_hal_msp.o
                0x0000000008000b68                HAL_I2C_MspInit
 .text.HAL_UART_MspInit
                0x0000000008000be4       0xe8 ./Core/Src/stm32f1xx_hal_msp.o
                0x0000000008000be4                HAL_UART_MspInit
 .text.NMI_Handler
                0x0000000008000ccc        0x6 ./Core/Src/stm32f1xx_it.o
                0x0000000008000ccc                NMI_Handler
 .text.HardFault_Handler
                0x0000000008000cd2        0x6 ./Core/Src/stm32f1xx_it.o
                0x0000000008000cd2                HardFault_Handler
 .text.MemManage_Handler
                0x0000000008000cd8        0x6 ./Core/Src/stm32f1xx_it.o
                0x0000000008000cd8                MemManage_Handler
 .text.BusFault_Handler
                0x0000000008000cde        0x6 ./Core/Src/stm32f1xx_it.o
                0x0000000008000cde                BusFault_Handler
 .text.UsageFault_Handler
                0x0000000008000ce4        0x6 ./Core/Src/stm32f1xx_it.o
                0x0000000008000ce4                UsageFault_Handler
 .text.SVC_Handler
                0x0000000008000cea        0xc ./Core/Src/stm32f1xx_it.o
                0x0000000008000cea                SVC_Handler
 .text.DebugMon_Handler
                0x0000000008000cf6        0xc ./Core/Src/stm32f1xx_it.o
                0x0000000008000cf6                DebugMon_Handler
 .text.PendSV_Handler
                0x0000000008000d02        0xc ./Core/Src/stm32f1xx_it.o
                0x0000000008000d02                PendSV_Handler
 .text.SysTick_Handler
                0x0000000008000d0e        0xc ./Core/Src/stm32f1xx_it.o
                0x0000000008000d0e                SysTick_Handler
 .text.EXTI0_IRQHandler
                0x0000000008000d1a        0xe ./Core/Src/stm32f1xx_it.o
                0x0000000008000d1a                EXTI0_IRQHandler
 .text.DMA1_Channel6_IRQHandler
                0x0000000008000d28       0x14 ./Core/Src/stm32f1xx_it.o
                0x0000000008000d28                DMA1_Channel6_IRQHandler
 .text.EXTI9_5_IRQHandler
                0x0000000008000d3c        0xe ./Core/Src/stm32f1xx_it.o
                0x0000000008000d3c                EXTI9_5_IRQHandler
 .text.SystemInit
                0x0000000008000d4a        0xc ./Core/Src/system_stm32f1xx.o
                0x0000000008000d4a                SystemInit
 *fill*         0x0000000008000d56        0x2 
 .text.Reset_Handler
                0x0000000008000d58       0x48 ./Core/Startup/startup_stm32f103c8tx.o
                0x0000000008000d58                Reset_Handler
 .text.Default_Handler
                0x0000000008000da0        0x2 ./Core/Startup/startup_stm32f103c8tx.o
                0x0000000008000da0                RTC_Alarm_IRQHandler
                0x0000000008000da0                EXTI2_IRQHandler
                0x0000000008000da0                TIM1_CC_IRQHandler
                0x0000000008000da0                PVD_IRQHandler
                0x0000000008000da0                EXTI3_IRQHandler
                0x0000000008000da0                I2C2_EV_IRQHandler
                0x0000000008000da0                ADC1_2_IRQHandler
                0x0000000008000da0                SPI1_IRQHandler
                0x0000000008000da0                TAMPER_IRQHandler
                0x0000000008000da0                DMA1_Channel4_IRQHandler
                0x0000000008000da0                USART3_IRQHandler
                0x0000000008000da0                RTC_IRQHandler
                0x0000000008000da0                DMA1_Channel7_IRQHandler
                0x0000000008000da0                CAN1_RX1_IRQHandler
                0x0000000008000da0                TIM4_IRQHandler
                0x0000000008000da0                I2C1_EV_IRQHandler
                0x0000000008000da0                TIM3_IRQHandler
                0x0000000008000da0                RCC_IRQHandler
                0x0000000008000da0                TIM1_TRG_COM_IRQHandler
                0x0000000008000da0                DMA1_Channel1_IRQHandler
                0x0000000008000da0                Default_Handler
                0x0000000008000da0                EXTI15_10_IRQHandler
                0x0000000008000da0                SPI2_IRQHandler
                0x0000000008000da0                DMA1_Channel5_IRQHandler
                0x0000000008000da0                EXTI4_IRQHandler
                0x0000000008000da0                USB_LP_CAN1_RX0_IRQHandler
                0x0000000008000da0                USB_HP_CAN1_TX_IRQHandler
                0x0000000008000da0                DMA1_Channel3_IRQHandler
                0x0000000008000da0                TIM1_UP_IRQHandler
                0x0000000008000da0                WWDG_IRQHandler
                0x0000000008000da0                TIM2_IRQHandler
                0x0000000008000da0                TIM1_BRK_IRQHandler
                0x0000000008000da0                EXTI1_IRQHandler
                0x0000000008000da0                USART2_IRQHandler
                0x0000000008000da0                I2C2_ER_IRQHandler
                0x0000000008000da0                DMA1_Channel2_IRQHandler
                0x0000000008000da0                CAN1_SCE_IRQHandler
                0x0000000008000da0                FLASH_IRQHandler
                0x0000000008000da0                USART1_IRQHandler
                0x0000000008000da0                I2C1_ER_IRQHandler
                0x0000000008000da0                USBWakeUp_IRQHandler
 *fill*         0x0000000008000da2        0x2 
 .text.HAL_Init
                0x0000000008000da4       0x2c ./Drivers/STM32F1xx_HAL_Driver/Src/stm32f1xx_hal.o
                0x0000000008000da4                HAL_Init
 .text.HAL_InitTick
                0x0000000008000dd0       0x60 ./Drivers/STM32F1xx_HAL_Driver/Src/stm32f1xx_hal.o
                0x0000000008000dd0                HAL_InitTick
 .text.HAL_IncTick
                0x0000000008000e30       0x24 ./Drivers/STM32F1xx_HAL_Driver/Src/stm32f1xx_hal.o
                0x0000000008000e30                HAL_IncTick
 .text.HAL_GetTick
                0x0000000008000e54       0x14 ./Drivers/STM32F1xx_HAL_Driver/Src/stm32f1xx_hal.o
                0x0000000008000e54                HAL_GetTick
 .text.HAL_Delay
                0x0000000008000e68       0x48 ./Drivers/STM32F1xx_HAL_Driver/Src/stm32f1xx_hal.o
                0x0000000008000e68                HAL_Delay
 .text.HAL_ADC_Init
                0x0000000008000eb0      0x1b0 ./Drivers/STM32F1xx_HAL_Driver/Src/stm32f1xx_hal_adc.o
                0x0000000008000eb0                HAL_ADC_Init
 .text.HAL_ADC_ConfigChannel
                0x0000000008001060      0x1f0 ./Drivers/STM32F1xx_HAL_Driver/Src/stm32f1xx_hal_adc.o
                0x0000000008001060                HAL_ADC_ConfigChannel
 .text.ADC_ConversionStop_Disable
                0x0000000008001250       0x82 ./Drivers/STM32F1xx_HAL_Driver/Src/stm32f1xx_hal_adc.o
                0x0000000008001250                ADC_ConversionStop_Disable
 *fill*         0x00000000080012d2        0x2 
 .text.__NVIC_SetPriorityGrouping
                0x00000000080012d4       0x48 ./Drivers/STM32F1xx_HAL_Driver/Src/stm32f1xx_hal_cortex.o
 .text.__NVIC_GetPriorityGrouping
                0x000000000800131c       0x1c ./Drivers/STM32F1xx_HAL_Driver/Src/stm32f1xx_hal_cortex.o
 .text.__NVIC_EnableIRQ
                0x0000000008001338       0x38 ./Drivers/STM32F1xx_HAL_Driver/Src/stm32f1xx_hal_cortex.o
 .text.__NVIC_SetPriority
                0x0000000008001370       0x54 ./Drivers/STM32F1xx_HAL_Driver/Src/stm32f1xx_hal_cortex.o
 .text.NVIC_EncodePriority
                0x00000000080013c4       0x64 ./Drivers/STM32F1xx_HAL_Driver/Src/stm32f1xx_hal_cortex.o
 .text.SysTick_Config
                0x0000000008001428       0x44 ./Drivers/STM32F1xx_HAL_Driver/Src/stm32f1xx_hal_cortex.o
 .text.HAL_NVIC_SetPriorityGrouping
                0x000000000800146c       0x16 ./Drivers/STM32F1xx_HAL_Driver/Src/stm32f1xx_hal_cortex.o
                0x000000000800146c                HAL_NVIC_SetPriorityGrouping
 .text.HAL_NVIC_SetPriority
                0x0000000008001482       0x38 ./Drivers/STM32F1xx_HAL_Driver/Src/stm32f1xx_hal_cortex.o
                0x0000000008001482                HAL_NVIC_SetPriority
 .text.HAL_NVIC_EnableIRQ
                0x00000000080014ba       0x1c ./Drivers/STM32F1xx_HAL_Driver/Src/stm32f1xx_hal_cortex.o
                0x00000000080014ba                HAL_NVIC_EnableIRQ
 .text.HAL_SYSTICK_Config
                0x00000000080014d6       0x18 ./Drivers/STM32F1xx_HAL_Driver/Src/stm32f1xx_hal_cortex.o
                0x00000000080014d6                HAL_SYSTICK_Config
 *fill*         0x00000000080014ee        0x2 
 .text.HAL_DMA_Init
                0x00000000080014f0       0xb4 ./Drivers/STM32F1xx_HAL_Driver/Src/stm32f1xx_hal_dma.o
                0x00000000080014f0                HAL_DMA_Init
 .text.HAL_DMA_Start_IT
                0x00000000080015a4       0xc0 ./Drivers/STM32F1xx_HAL_Driver/Src/stm32f1xx_hal_dma.o
                0x00000000080015a4                HAL_DMA_Start_IT
 .text.HAL_DMA_IRQHandler
                0x0000000008001664      0x20c ./Drivers/STM32F1xx_HAL_Driver/Src/stm32f1xx_hal_dma.o
                0x0000000008001664                HAL_DMA_IRQHandler
 .text.DMA_SetConfig
                0x0000000008001870       0x5a ./Drivers/STM32F1xx_HAL_Driver/Src/stm32f1xx_hal_dma.o
 *fill*         0x00000000080018ca        0x2 
 .text.HAL_GPIO_Init
                0x00000000080018cc      0x308 ./Drivers/STM32F1xx_HAL_Driver/Src/stm32f1xx_hal_gpio.o
                0x00000000080018cc                HAL_GPIO_Init
 .text.HAL_GPIO_WritePin
                0x0000000008001bd4       0x30 ./Drivers/STM32F1xx_HAL_Driver/Src/stm32f1xx_hal_gpio.o
                0x0000000008001bd4                HAL_GPIO_WritePin
 .text.HAL_GPIO_TogglePin
                0x0000000008001c04       0x32 ./Drivers/STM32F1xx_HAL_Driver/Src/stm32f1xx_hal_gpio.o
                0x0000000008001c04                HAL_GPIO_TogglePin
 *fill*         0x0000000008001c36        0x2 
 .text.HAL_GPIO_EXTI_IRQHandler
                0x0000000008001c38       0x30 ./Drivers/STM32F1xx_HAL_Driver/Src/stm32f1xx_hal_gpio.o
                0x0000000008001c38                HAL_GPIO_EXTI_IRQHandler
 .text.HAL_I2C_Init
                0x0000000008001c68      0x288 ./Drivers/STM32F1xx_HAL_Driver/Src/stm32f1xx_hal_i2c.o
                0x0000000008001c68                HAL_I2C_Init
 .text.HAL_I2C_Master_Transmit
                0x0000000008001ef0      0x1fc ./Drivers/STM32F1xx_HAL_Driver/Src/stm32f1xx_hal_i2c.o
                0x0000000008001ef0                HAL_I2C_Master_Transmit
 .text.I2C_MasterRequestWrite
                0x00000000080020ec      0x104 ./Drivers/STM32F1xx_HAL_Driver/Src/stm32f1xx_hal_i2c.o
 .text.I2C_WaitOnFlagUntilTimeout
                0x00000000080021f0       0xf4 ./Drivers/STM32F1xx_HAL_Driver/Src/stm32f1xx_hal_i2c.o
 .text.I2C_WaitOnMasterAddressFlagUntilTimeout
                0x00000000080022e4      0x140 ./Drivers/STM32F1xx_HAL_Driver/Src/stm32f1xx_hal_i2c.o
 .text.I2C_WaitOnTXEFlagUntilTimeout
                0x0000000008002424       0x90 ./Drivers/STM32F1xx_HAL_Driver/Src/stm32f1xx_hal_i2c.o
 .text.I2C_WaitOnBTFFlagUntilTimeout
                0x00000000080024b4       0x90 ./Drivers/STM32F1xx_HAL_Driver/Src/stm32f1xx_hal_i2c.o
 .text.I2C_IsAcknowledgeFailed
                0x0000000008002544       0x5c ./Drivers/STM32F1xx_HAL_Driver/Src/stm32f1xx_hal_i2c.o
 .text.HAL_RCC_OscConfig
                0x00000000080025a0      0x504 ./Drivers/STM32F1xx_HAL_Driver/Src/stm32f1xx_hal_rcc.o
                0x00000000080025a0                HAL_RCC_OscConfig
 .text.HAL_RCC_ClockConfig
                0x0000000008002aa4      0x1d4 ./Drivers/STM32F1xx_HAL_Driver/Src/stm32f1xx_hal_rcc.o
                0x0000000008002aa4                HAL_RCC_ClockConfig
 .text.HAL_RCC_GetSysClockFreq
                0x0000000008002c78       0xa8 ./Drivers/STM32F1xx_HAL_Driver/Src/stm32f1xx_hal_rcc.o
                0x0000000008002c78                HAL_RCC_GetSysClockFreq
 .text.HAL_RCC_GetHCLKFreq
                0x0000000008002d20       0x14 ./Drivers/STM32F1xx_HAL_Driver/Src/stm32f1xx_hal_rcc.o
                0x0000000008002d20                HAL_RCC_GetHCLKFreq
 .text.HAL_RCC_GetPCLK1Freq
                0x0000000008002d34       0x28 ./Drivers/STM32F1xx_HAL_Driver/Src/stm32f1xx_hal_rcc.o
                0x0000000008002d34                HAL_RCC_GetPCLK1Freq
 .text.HAL_RCC_GetPCLK2Freq
                0x0000000008002d5c       0x28 ./Drivers/STM32F1xx_HAL_Driver/Src/stm32f1xx_hal_rcc.o
                0x0000000008002d5c                HAL_RCC_GetPCLK2Freq
 .text.RCC_Delay
                0x0000000008002d84       0x3c ./Drivers/STM32F1xx_HAL_Driver/Src/stm32f1xx_hal_rcc.o
 .text.HAL_RCCEx_PeriphCLKConfig
                0x0000000008002dc0      0x16c ./Drivers/STM32F1xx_HAL_Driver/Src/stm32f1xx_hal_rcc_ex.o
                0x0000000008002dc0                HAL_RCCEx_PeriphCLKConfig
 .text.HAL_UART_Init
                0x0000000008002f2c       0xa0 ./Drivers/STM32F1xx_HAL_Driver/Src/stm32f1xx_hal_uart.o
                0x0000000008002f2c                HAL_UART_Init
 .text.HAL_UART_Transmit
                0x0000000008002fcc      0x106 ./Drivers/STM32F1xx_HAL_Driver/Src/stm32f1xx_hal_uart.o
                0x0000000008002fcc                HAL_UART_Transmit
 .text.HAL_UART_Receive_DMA
                0x00000000080030d2       0x4a ./Drivers/STM32F1xx_HAL_Driver/Src/stm32f1xx_hal_uart.o
                0x00000000080030d2                HAL_UART_Receive_DMA
 .text.HAL_UART_RxHalfCpltCallback
                0x000000000800311c       0x12 ./Drivers/STM32F1xx_HAL_Driver/Src/stm32f1xx_hal_uart.o
                0x000000000800311c                HAL_UART_RxHalfCpltCallback
 .text.HAL_UART_ErrorCallback
                0x000000000800312e       0x12 ./Drivers/STM32F1xx_HAL_Driver/Src/stm32f1xx_hal_uart.o
                0x000000000800312e                HAL_UART_ErrorCallback
 .text.HAL_UARTEx_RxEventCallback
                0x0000000008003140       0x16 ./Drivers/STM32F1xx_HAL_Driver/Src/stm32f1xx_hal_uart.o
                0x0000000008003140                HAL_UARTEx_RxEventCallback
 .text.UART_DMAReceiveCplt
                0x0000000008003156      0x12c ./Drivers/STM32F1xx_HAL_Driver/Src/stm32f1xx_hal_uart.o
 .text.UART_DMARxHalfCplt
                0x0000000008003282       0x3c ./Drivers/STM32F1xx_HAL_Driver/Src/stm32f1xx_hal_uart.o
 .text.UART_DMAError
                0x00000000080032be       0x94 ./Drivers/STM32F1xx_HAL_Driver/Src/stm32f1xx_hal_uart.o
 .text.UART_WaitOnFlagUntilTimeout
                0x0000000008003352       0xdc ./Drivers/STM32F1xx_HAL_Driver/Src/stm32f1xx_hal_uart.o
 *fill*         0x000000000800342e        0x2 
 .text.UART_Start_Receive_DMA
                0x0000000008003430      0x134 ./Drivers/STM32F1xx_HAL_Driver/Src/stm32f1xx_hal_uart.o
                0x0000000008003430                UART_Start_Receive_DMA
 .text.UART_EndTxTransfer
                0x0000000008003564       0x4e ./Drivers/STM32F1xx_HAL_Driver/Src/stm32f1xx_hal_uart.o
 .text.UART_EndRxTransfer
                0x00000000080035b2       0xc4 ./Drivers/STM32F1xx_HAL_Driver/Src/stm32f1xx_hal_uart.o
 *fill*         0x0000000008003676        0x2 
 .text.UART_SetConfig
                0x0000000008003678      0x11c ./Drivers/STM32F1xx_HAL_Driver/Src/stm32f1xx_hal_uart.o
 .text.lcd_i2c_init
                0x0000000008003794       0xd6 ./libs/lcd_i2c.o
                0x0000000008003794                lcd_i2c_init
 .text.lcd_send_cmd
                0x000000000800386a       0x62 ./libs/lcd_i2c.o
                0x000000000800386a                lcd_send_cmd
 .text.lcd_send_data
                0x00000000080038cc       0x62 ./libs/lcd_i2c.o
                0x00000000080038cc                lcd_send_data
 *fill*         0x000000000800392e        0x2 
 .text.lcd_set_cursor
                0x0000000008003930       0x54 ./libs/lcd_i2c.o
                0x0000000008003930                lcd_set_cursor
 .text.lcd_send_string
                0x0000000008003984       0x2e ./libs/lcd_i2c.o
                0x0000000008003984                lcd_send_string
 .text.lcd_clear
                0x00000000080039b2       0x28 ./libs/lcd_i2c.o
                0x00000000080039b2                lcd_clear
 .text.memset   0x00000000080039da       0x10 D:/ST/STM32CubeIDE_1.13.2/STM32CubeIDE/plugins/com.st.stm32cube.ide.mcu.externaltools.gnu-tools-for-stm32.11.3.rel1.win32_1.1.1.202309131626/tools/bin/../lib/gcc/arm-none-eabi/11.3.1/../../../../arm-none-eabi/lib/thumb/v7-m/nofp\libc_nano.a(libc_a-memset.o)
                0x00000000080039da                memset
 *fill*         0x00000000080039ea        0x2 
 .text.__libc_init_array
                0x00000000080039ec       0x48 D:/ST/STM32CubeIDE_1.13.2/STM32CubeIDE/plugins/com.st.stm32cube.ide.mcu.externaltools.gnu-tools-for-stm32.11.3.rel1.win32_1.1.1.202309131626/tools/bin/../lib/gcc/arm-none-eabi/11.3.1/../../../../arm-none-eabi/lib/thumb/v7-m/nofp\libc_nano.a(libc_a-init.o)
                0x00000000080039ec                __libc_init_array
 *(.glue_7)
 .glue_7        0x0000000008003a34        0x0 linker stubs
 *(.glue_7t)
 .glue_7t       0x0000000008003a34        0x0 linker stubs
 *(.eh_frame)
 .eh_frame      0x0000000008003a34        0x0 D:/ST/STM32CubeIDE_1.13.2/STM32CubeIDE/plugins/com.st.stm32cube.ide.mcu.externaltools.gnu-tools-for-stm32.11.3.rel1.win32_1.1.1.202309131626/tools/bin/../lib/gcc/arm-none-eabi/11.3.1/thumb/v7-m/nofp/crtbegin.o
 *(.init)
 .init          0x0000000008003a34        0x4 D:/ST/STM32CubeIDE_1.13.2/STM32CubeIDE/plugins/com.st.stm32cube.ide.mcu.externaltools.gnu-tools-for-stm32.11.3.rel1.win32_1.1.1.202309131626/tools/bin/../lib/gcc/arm-none-eabi/11.3.1/thumb/v7-m/nofp/crti.o
                0x0000000008003a34                _init
 .init          0x0000000008003a38        0x8 D:/ST/STM32CubeIDE_1.13.2/STM32CubeIDE/plugins/com.st.stm32cube.ide.mcu.externaltools.gnu-tools-for-stm32.11.3.rel1.win32_1.1.1.202309131626/tools/bin/../lib/gcc/arm-none-eabi/11.3.1/thumb/v7-m/nofp/crtn.o
 *(.fini)
 .fini          0x0000000008003a40        0x4 D:/ST/STM32CubeIDE_1.13.2/STM32CubeIDE/plugins/com.st.stm32cube.ide.mcu.externaltools.gnu-tools-for-stm32.11.3.rel1.win32_1.1.1.202309131626/tools/bin/../lib/gcc/arm-none-eabi/11.3.1/thumb/v7-m/nofp/crti.o
                0x0000000008003a40                _fini
 .fini          0x0000000008003a44        0x8 D:/ST/STM32CubeIDE_1.13.2/STM32CubeIDE/plugins/com.st.stm32cube.ide.mcu.externaltools.gnu-tools-for-stm32.11.3.rel1.win32_1.1.1.202309131626/tools/bin/../lib/gcc/arm-none-eabi/11.3.1/thumb/v7-m/nofp/crtn.o
                0x0000000008003a4c                . = ALIGN (0x4)
                0x0000000008003a4c                _etext = .

.vfp11_veneer   0x0000000008003a4c        0x0
 .vfp11_veneer  0x0000000008003a4c        0x0 linker stubs

.v4_bx          0x0000000008003a4c        0x0
 .v4_bx         0x0000000008003a4c        0x0 linker stubs

.iplt           0x0000000008003a4c        0x0
 .iplt          0x0000000008003a4c        0x0 D:/ST/STM32CubeIDE_1.13.2/STM32CubeIDE/plugins/com.st.stm32cube.ide.mcu.externaltools.gnu-tools-for-stm32.11.3.rel1.win32_1.1.1.202309131626/tools/bin/../lib/gcc/arm-none-eabi/11.3.1/thumb/v7-m/nofp/crtbegin.o

.rodata         0x0000000008003a4c       0x5c
                0x0000000008003a4c                . = ALIGN (0x4)
 *(.rodata)
 .rodata        0x0000000008003a4c       0x2f ./Core/Src/main.o
 *(.rodata*)
 *fill*         0x0000000008003a7b        0x1 
 .rodata.AHBPrescTable
                0x0000000008003a7c       0x10 ./Core/Src/system_stm32f1xx.o
                0x0000000008003a7c                AHBPrescTable
 .rodata.APBPrescTable
                0x0000000008003a8c        0x8 ./Core/Src/system_stm32f1xx.o
                0x0000000008003a8c                APBPrescTable
 .rodata.aPLLMULFactorTable.1
                0x0000000008003a94       0x10 ./Drivers/STM32F1xx_HAL_Driver/Src/stm32f1xx_hal_rcc.o
 .rodata.aPredivFactorTable.0
                0x0000000008003aa4        0x2 ./Drivers/STM32F1xx_HAL_Driver/Src/stm32f1xx_hal_rcc.o
                0x0000000008003aa8                . = ALIGN (0x4)
 *fill*         0x0000000008003aa6        0x2 

.rel.dyn        0x0000000008003aa8        0x0
 .rel.iplt      0x0000000008003aa8        0x0 D:/ST/STM32CubeIDE_1.13.2/STM32CubeIDE/plugins/com.st.stm32cube.ide.mcu.externaltools.gnu-tools-for-stm32.11.3.rel1.win32_1.1.1.202309131626/tools/bin/../lib/gcc/arm-none-eabi/11.3.1/thumb/v7-m/nofp/crtbegin.o

.ARM.extab      0x0000000008003aa8        0x0
                0x0000000008003aa8                . = ALIGN (0x4)
 *(.ARM.extab* .gnu.linkonce.armextab.*)
                0x0000000008003aa8                . = ALIGN (0x4)

.ARM            0x0000000008003aa8        0x0
                0x0000000008003aa8                . = ALIGN (0x4)
                0x0000000008003aa8                __exidx_start = .
 *(.ARM.exidx*)
                0x0000000008003aa8                __exidx_end = .
                0x0000000008003aa8                . = ALIGN (0x4)

.preinit_array  0x0000000008003aa8        0x0
                0x0000000008003aa8                . = ALIGN (0x4)
                0x0000000008003aa8                PROVIDE (__preinit_array_start = .)
 *(.preinit_array*)
                0x0000000008003aa8                PROVIDE (__preinit_array_end = .)
                0x0000000008003aa8                . = ALIGN (0x4)

.init_array     0x0000000008003aa8        0x4
                0x0000000008003aa8                . = ALIGN (0x4)
                0x0000000008003aa8                PROVIDE (__init_array_start = .)
 *(SORT_BY_NAME(.init_array.*))
 *(.init_array*)
 .init_array    0x0000000008003aa8        0x4 D:/ST/STM32CubeIDE_1.13.2/STM32CubeIDE/plugins/com.st.stm32cube.ide.mcu.externaltools.gnu-tools-for-stm32.11.3.rel1.win32_1.1.1.202309131626/tools/bin/../lib/gcc/arm-none-eabi/11.3.1/thumb/v7-m/nofp/crtbegin.o
                0x0000000008003aac                PROVIDE (__init_array_end = .)
                0x0000000008003aac                . = ALIGN (0x4)

.fini_array     0x0000000008003aac        0x4
                0x0000000008003aac                . = ALIGN (0x4)
                [!provide]                        PROVIDE (__fini_array_start = .)
 *(SORT_BY_NAME(.fini_array.*))
 *(.fini_array*)
 .fini_array    0x0000000008003aac        0x4 D:/ST/STM32CubeIDE_1.13.2/STM32CubeIDE/plugins/com.st.stm32cube.ide.mcu.externaltools.gnu-tools-for-stm32.11.3.rel1.win32_1.1.1.202309131626/tools/bin/../lib/gcc/arm-none-eabi/11.3.1/thumb/v7-m/nofp/crtbegin.o
                [!provide]                        PROVIDE (__fini_array_end = .)
                0x0000000008003ab0                . = ALIGN (0x4)
                0x0000000008003ab0                _sidata = LOADADDR (.data)

.data           0x0000000020000000      0x638 load address 0x0000000008003ab0
                0x0000000020000000                . = ALIGN (0x4)
                0x0000000020000000                _sdata = .
 *(.data)
 *(.data*)
 .data.dot      0x0000000020000000      0x5e8 ./Core/Src/main.o
                0x0000000020000000                dot
 .data.ascii    0x00000000200005e8       0x3f ./Core/Src/main.o
                0x00000000200005e8                ascii
 .data.is_debounced1
                0x0000000020000627        0x1 ./Core/Src/main.o
                0x0000000020000627                is_debounced1
 .data.is_debounced2
                0x0000000020000628        0x1 ./Core/Src/main.o
                0x0000000020000628                is_debounced2
 *fill*         0x0000000020000629        0x3 
 .data.SystemCoreClock
                0x000000002000062c        0x4 ./Core/Src/system_stm32f1xx.o
                0x000000002000062c                SystemCoreClock
 .data.uwTickPrio
                0x0000000020000630        0x4 ./Drivers/STM32F1xx_HAL_Driver/Src/stm32f1xx_hal.o
                0x0000000020000630                uwTickPrio
 .data.uwTickFreq
                0x0000000020000634        0x1 ./Drivers/STM32F1xx_HAL_Driver/Src/stm32f1xx_hal.o
                0x0000000020000634                uwTickFreq
 *(.RamFunc)
 *(.RamFunc*)
                0x0000000020000638                . = ALIGN (0x4)
 *fill*         0x0000000020000635        0x3 
                0x0000000020000638                _edata = .

.igot.plt       0x0000000020000638        0x0 load address 0x00000000080040e8
 .igot.plt      0x0000000020000638        0x0 D:/ST/STM32CubeIDE_1.13.2/STM32CubeIDE/plugins/com.st.stm32cube.ide.mcu.externaltools.gnu-tools-for-stm32.11.3.rel1.win32_1.1.1.202309131626/tools/bin/../lib/gcc/arm-none-eabi/11.3.1/thumb/v7-m/nofp/crtbegin.o
                0x0000000020000638                . = ALIGN (0x4)

.bss            0x0000000020000638      0x550 load address 0x00000000080040e8
                0x0000000020000638                _sbss = .
                0x0000000020000638                __bss_start__ = _sbss
 *(.bss)
 .bss           0x0000000020000638       0x1c D:/ST/STM32CubeIDE_1.13.2/STM32CubeIDE/plugins/com.st.stm32cube.ide.mcu.externaltools.gnu-tools-for-stm32.11.3.rel1.win32_1.1.1.202309131626/tools/bin/../lib/gcc/arm-none-eabi/11.3.1/thumb/v7-m/nofp/crtbegin.o
 *(.bss*)
 .bss.hadc1     0x0000000020000654       0x30 ./Core/Src/main.o
                0x0000000020000654                hadc1
 .bss.hi2c1     0x0000000020000684       0x54 ./Core/Src/main.o
                0x0000000020000684                hi2c1
 .bss.huart2    0x00000000200006d8       0x48 ./Core/Src/main.o
                0x00000000200006d8                huart2
 .bss.hdma_usart2_rx
                0x0000000020000720       0x44 ./Core/Src/main.o
                0x0000000020000720                hdma_usart2_rx
 .bss.p_LCD     0x0000000020000764        0xc ./Core/Src/main.o
                0x0000000020000764                p_LCD
 .bss.UART1_rxBuffer
                0x0000000020000770      0x400 ./Core/Src/main.o
                0x0000000020000770                UART1_rxBuffer
 .bss.input     0x0000000020000b70        0x1 ./Core/Src/main.o
                0x0000000020000b70                input
 *fill*         0x0000000020000b71        0x3 
 .bss.output    0x0000000020000b74        0x4 ./Core/Src/main.o
                0x0000000020000b74                output
 .bss.state_send
                0x0000000020000b78        0x1 ./Core/Src/main.o
                0x0000000020000b78                state_send
 .bss.state_pause
                0x0000000020000b79        0x1 ./Core/Src/main.o
                0x0000000020000b79                state_pause
 *fill*         0x0000000020000b7a        0x2 
 .bss.debounce_timer1
                0x0000000020000b7c        0x4 ./Core/Src/main.o
                0x0000000020000b7c                debounce_timer1
 .bss.debounce_timer2
                0x0000000020000b80        0x4 ./Core/Src/main.o
                0x0000000020000b80                debounce_timer2
 .bss.uwTick    0x0000000020000b84        0x4 ./Drivers/STM32F1xx_HAL_Driver/Src/stm32f1xx_hal.o
                0x0000000020000b84                uwTick
 *(COMMON)
                0x0000000020000b88                . = ALIGN (0x4)
                0x0000000020000b88                _ebss = .
                0x0000000020000b88                __bss_end__ = _ebss

._user_heap_stack
                0x0000000020000b88      0x600 load address 0x00000000080040e8
                0x0000000020000b88                . = ALIGN (0x8)
                [!provide]                        PROVIDE (end = .)
                0x0000000020000b88                PROVIDE (_end = .)
                0x0000000020000d88                . = (. + _Min_Heap_Size)
 *fill*         0x0000000020000b88      0x200 
                0x0000000020001188                . = (. + _Min_Stack_Size)
 *fill*         0x0000000020000d88      0x400 
                0x0000000020001188                . = ALIGN (0x8)

/DISCARD/
 libc.a(*)
 libm.a(*)
 libgcc.a(*)

.ARM.attributes
                0x0000000000000000       0x29
 *(.ARM.attributes)
 .ARM.attributes
                0x0000000000000000       0x1d D:/ST/STM32CubeIDE_1.13.2/STM32CubeIDE/plugins/com.st.stm32cube.ide.mcu.externaltools.gnu-tools-for-stm32.11.3.rel1.win32_1.1.1.202309131626/tools/bin/../lib/gcc/arm-none-eabi/11.3.1/thumb/v7-m/nofp/crti.o
 .ARM.attributes
                0x000000000000001d       0x2d D:/ST/STM32CubeIDE_1.13.2/STM32CubeIDE/plugins/com.st.stm32cube.ide.mcu.externaltools.gnu-tools-for-stm32.11.3.rel1.win32_1.1.1.202309131626/tools/bin/../lib/gcc/arm-none-eabi/11.3.1/thumb/v7-m/nofp/crtbegin.o
 .ARM.attributes
                0x000000000000004a       0x2d ./Core/Src/main.o
 .ARM.attributes
                0x0000000000000077       0x2d ./Core/Src/stm32f1xx_hal_msp.o
 .ARM.attributes
                0x00000000000000a4       0x2d ./Core/Src/stm32f1xx_it.o
 .ARM.attributes
                0x00000000000000d1       0x2d ./Core/Src/system_stm32f1xx.o
 .ARM.attributes
                0x00000000000000fe       0x21 ./Core/Startup/startup_stm32f103c8tx.o
 .ARM.attributes
                0x000000000000011f       0x2d ./Drivers/STM32F1xx_HAL_Driver/Src/stm32f1xx_hal.o
 .ARM.attributes
                0x000000000000014c       0x2d ./Drivers/STM32F1xx_HAL_Driver/Src/stm32f1xx_hal_adc.o
 .ARM.attributes
                0x0000000000000179       0x2d ./Drivers/STM32F1xx_HAL_Driver/Src/stm32f1xx_hal_cortex.o
 .ARM.attributes
                0x00000000000001a6       0x2d ./Drivers/STM32F1xx_HAL_Driver/Src/stm32f1xx_hal_dma.o
 .ARM.attributes
                0x00000000000001d3       0x2d ./Drivers/STM32F1xx_HAL_Driver/Src/stm32f1xx_hal_gpio.o
 .ARM.attributes
                0x0000000000000200       0x2d ./Drivers/STM32F1xx_HAL_Driver/Src/stm32f1xx_hal_i2c.o
 .ARM.attributes
                0x000000000000022d       0x2d ./Drivers/STM32F1xx_HAL_Driver/Src/stm32f1xx_hal_rcc.o
 .ARM.attributes
                0x000000000000025a       0x2d ./Drivers/STM32F1xx_HAL_Driver/Src/stm32f1xx_hal_rcc_ex.o
 .ARM.attributes
                0x0000000000000287       0x2d ./Drivers/STM32F1xx_HAL_Driver/Src/stm32f1xx_hal_uart.o
 .ARM.attributes
                0x00000000000002b4       0x2d ./libs/lcd_i2c.o
 .ARM.attributes
                0x00000000000002e1       0x2d D:/ST/STM32CubeIDE_1.13.2/STM32CubeIDE/plugins/com.st.stm32cube.ide.mcu.externaltools.gnu-tools-for-stm32.11.3.rel1.win32_1.1.1.202309131626/tools/bin/../lib/gcc/arm-none-eabi/11.3.1/../../../../arm-none-eabi/lib/thumb/v7-m/nofp\libc_nano.a(libc_a-memset.o)
 .ARM.attributes
                0x000000000000030e       0x2d D:/ST/STM32CubeIDE_1.13.2/STM32CubeIDE/plugins/com.st.stm32cube.ide.mcu.externaltools.gnu-tools-for-stm32.11.3.rel1.win32_1.1.1.202309131626/tools/bin/../lib/gcc/arm-none-eabi/11.3.1/../../../../arm-none-eabi/lib/thumb/v7-m/nofp\libc_nano.a(libc_a-init.o)
 .ARM.attributes
                0x000000000000033b       0x17 D:/ST/STM32CubeIDE_1.13.2/STM32CubeIDE/plugins/com.st.stm32cube.ide.mcu.externaltools.gnu-tools-for-stm32.11.3.rel1.win32_1.1.1.202309131626/tools/bin/../lib/gcc/arm-none-eabi/11.3.1/../../../../arm-none-eabi/lib/thumb/v7-m/nofp\libc_nano.a(libc_a-strlen.o)
 .ARM.attributes
                0x0000000000000352       0x1d D:/ST/STM32CubeIDE_1.13.2/STM32CubeIDE/plugins/com.st.stm32cube.ide.mcu.externaltools.gnu-tools-for-stm32.11.3.rel1.win32_1.1.1.202309131626/tools/bin/../lib/gcc/arm-none-eabi/11.3.1/thumb/v7-m/nofp/crtn.o
OUTPUT(PIF_Final_Course.elf elf32-littlearm)
LOAD linker stubs
LOAD D:/ST/STM32CubeIDE_1.13.2/STM32CubeIDE/plugins/com.st.stm32cube.ide.mcu.externaltools.gnu-tools-for-stm32.11.3.rel1.win32_1.1.1.202309131626/tools/bin/../lib/gcc/arm-none-eabi/11.3.1/../../../../arm-none-eabi/lib/thumb/v7-m/nofp\libc.a
LOAD D:/ST/STM32CubeIDE_1.13.2/STM32CubeIDE/plugins/com.st.stm32cube.ide.mcu.externaltools.gnu-tools-for-stm32.11.3.rel1.win32_1.1.1.202309131626/tools/bin/../lib/gcc/arm-none-eabi/11.3.1/../../../../arm-none-eabi/lib/thumb/v7-m/nofp\libm.a
LOAD D:/ST/STM32CubeIDE_1.13.2/STM32CubeIDE/plugins/com.st.stm32cube.ide.mcu.externaltools.gnu-tools-for-stm32.11.3.rel1.win32_1.1.1.202309131626/tools/bin/../lib/gcc/arm-none-eabi/11.3.1/thumb/v7-m/nofp\libgcc.a

.comment        0x0000000000000000       0x43
 .comment       0x0000000000000000       0x43 D:/ST/STM32CubeIDE_1.13.2/STM32CubeIDE/plugins/com.st.stm32cube.ide.mcu.externaltools.gnu-tools-for-stm32.11.3.rel1.win32_1.1.1.202309131626/tools/bin/../lib/gcc/arm-none-eabi/11.3.1/thumb/v7-m/nofp/crtbegin.o
                                         0x44 (size before relaxing)
 .comment       0x0000000000000043       0x44 ./Core/Src/main.o
 .comment       0x0000000000000043       0x44 ./Core/Src/stm32f1xx_hal_msp.o
 .comment       0x0000000000000043       0x44 ./Core/Src/stm32f1xx_it.o
 .comment       0x0000000000000043       0x44 ./Core/Src/system_stm32f1xx.o
 .comment       0x0000000000000043       0x44 ./Drivers/STM32F1xx_HAL_Driver/Src/stm32f1xx_hal.o
 .comment       0x0000000000000043       0x44 ./Drivers/STM32F1xx_HAL_Driver/Src/stm32f1xx_hal_adc.o
 .comment       0x0000000000000043       0x44 ./Drivers/STM32F1xx_HAL_Driver/Src/stm32f1xx_hal_cortex.o
 .comment       0x0000000000000043       0x44 ./Drivers/STM32F1xx_HAL_Driver/Src/stm32f1xx_hal_dma.o
 .comment       0x0000000000000043       0x44 ./Drivers/STM32F1xx_HAL_Driver/Src/stm32f1xx_hal_gpio.o
 .comment       0x0000000000000043       0x44 ./Drivers/STM32F1xx_HAL_Driver/Src/stm32f1xx_hal_i2c.o
 .comment       0x0000000000000043       0x44 ./Drivers/STM32F1xx_HAL_Driver/Src/stm32f1xx_hal_rcc.o
 .comment       0x0000000000000043       0x44 ./Drivers/STM32F1xx_HAL_Driver/Src/stm32f1xx_hal_rcc_ex.o
 .comment       0x0000000000000043       0x44 ./Drivers/STM32F1xx_HAL_Driver/Src/stm32f1xx_hal_uart.o
 .comment       0x0000000000000043       0x44 ./libs/lcd_i2c.o

.debug_info     0x0000000000000000     0xbc43
 .debug_info    0x0000000000000000     0x1574 ./Core/Src/main.o
 .debug_info    0x0000000000001574      0xe26 ./Core/Src/stm32f1xx_hal_msp.o
 .debug_info    0x000000000000239a      0x3a8 ./Core/Src/stm32f1xx_it.o
 .debug_info    0x0000000000002742      0x222 ./Core/Src/system_stm32f1xx.o
 .debug_info    0x0000000000002964       0x23 ./Core/Startup/startup_stm32f103c8tx.o
 .debug_info    0x0000000000002987      0x704 ./Drivers/STM32F1xx_HAL_Driver/Src/stm32f1xx_hal.o
 .debug_info    0x000000000000308b      0xc50 ./Drivers/STM32F1xx_HAL_Driver/Src/stm32f1xx_hal_adc.o
 .debug_info    0x0000000000003cdb      0xa87 ./Drivers/STM32F1xx_HAL_Driver/Src/stm32f1xx_hal_cortex.o
 .debug_info    0x0000000000004762      0x6d2 ./Drivers/STM32F1xx_HAL_Driver/Src/stm32f1xx_hal_dma.o
 .debug_info    0x0000000000004e34      0x5ab ./Drivers/STM32F1xx_HAL_Driver/Src/stm32f1xx_hal_gpio.o
 .debug_info    0x00000000000053df     0x2515 ./Drivers/STM32F1xx_HAL_Driver/Src/stm32f1xx_hal_i2c.o
 .debug_info    0x00000000000078f4      0x7d5 ./Drivers/STM32F1xx_HAL_Driver/Src/stm32f1xx_hal_rcc.o
 .debug_info    0x00000000000080c9      0x3c0 ./Drivers/STM32F1xx_HAL_Driver/Src/stm32f1xx_hal_rcc_ex.o
 .debug_info    0x0000000000008489     0x2fa8 ./Drivers/STM32F1xx_HAL_Driver/Src/stm32f1xx_hal_uart.o
 .debug_info    0x000000000000b431      0x812 ./libs/lcd_i2c.o

.debug_abbrev   0x0000000000000000     0x1e77
 .debug_abbrev  0x0000000000000000      0x31e ./Core/Src/main.o
 .debug_abbrev  0x000000000000031e      0x216 ./Core/Src/stm32f1xx_hal_msp.o
 .debug_abbrev  0x0000000000000534      0x183 ./Core/Src/stm32f1xx_it.o
 .debug_abbrev  0x00000000000006b7      0x13f ./Core/Src/system_stm32f1xx.o
 .debug_abbrev  0x00000000000007f6       0x12 ./Core/Startup/startup_stm32f103c8tx.o
 .debug_abbrev  0x0000000000000808      0x201 ./Drivers/STM32F1xx_HAL_Driver/Src/stm32f1xx_hal.o
 .debug_abbrev  0x0000000000000a09      0x225 ./Drivers/STM32F1xx_HAL_Driver/Src/stm32f1xx_hal_adc.o
 .debug_abbrev  0x0000000000000c2e      0x2f8 ./Drivers/STM32F1xx_HAL_Driver/Src/stm32f1xx_hal_cortex.o
 .debug_abbrev  0x0000000000000f26      0x20b ./Drivers/STM32F1xx_HAL_Driver/Src/stm32f1xx_hal_dma.o
 .debug_abbrev  0x0000000000001131      0x1ca ./Drivers/STM32F1xx_HAL_Driver/Src/stm32f1xx_hal_gpio.o
 .debug_abbrev  0x00000000000012fb      0x2a3 ./Drivers/STM32F1xx_HAL_Driver/Src/stm32f1xx_hal_i2c.o
 .debug_abbrev  0x000000000000159e      0x2b3 ./Drivers/STM32F1xx_HAL_Driver/Src/stm32f1xx_hal_rcc.o
 .debug_abbrev  0x0000000000001851      0x188 ./Drivers/STM32F1xx_HAL_Driver/Src/stm32f1xx_hal_rcc_ex.o
 .debug_abbrev  0x00000000000019d9      0x2f8 ./Drivers/STM32F1xx_HAL_Driver/Src/stm32f1xx_hal_uart.o
 .debug_abbrev  0x0000000000001cd1      0x1a6 ./libs/lcd_i2c.o

.debug_aranges  0x0000000000000000      0xb08
 .debug_aranges
                0x0000000000000000       0x90 ./Core/Src/main.o
 .debug_aranges
                0x0000000000000090       0x50 ./Core/Src/stm32f1xx_hal_msp.o
 .debug_aranges
                0x00000000000000e0       0x78 ./Core/Src/stm32f1xx_it.o
 .debug_aranges
                0x0000000000000158       0x28 ./Core/Src/system_stm32f1xx.o
 .debug_aranges
                0x0000000000000180       0x28 ./Core/Startup/startup_stm32f103c8tx.o
 .debug_aranges
                0x00000000000001a8       0xe0 ./Drivers/STM32F1xx_HAL_Driver/Src/stm32f1xx_hal.o
 .debug_aranges
                0x0000000000000288       0xf0 ./Drivers/STM32F1xx_HAL_Driver/Src/stm32f1xx_hal_adc.o
 .debug_aranges
                0x0000000000000378      0x100 ./Drivers/STM32F1xx_HAL_Driver/Src/stm32f1xx_hal_cortex.o
 .debug_aranges
                0x0000000000000478       0x80 ./Drivers/STM32F1xx_HAL_Driver/Src/stm32f1xx_hal_dma.o
 .debug_aranges
                0x00000000000004f8       0x58 ./Drivers/STM32F1xx_HAL_Driver/Src/stm32f1xx_hal_gpio.o
 .debug_aranges
                0x0000000000000550      0x2a8 ./Drivers/STM32F1xx_HAL_Driver/Src/stm32f1xx_hal_i2c.o
 .debug_aranges
                0x00000000000007f8       0x90 ./Drivers/STM32F1xx_HAL_Driver/Src/stm32f1xx_hal_rcc.o
 .debug_aranges
                0x0000000000000888       0x30 ./Drivers/STM32F1xx_HAL_Driver/Src/stm32f1xx_hal_rcc_ex.o
 .debug_aranges
                0x00000000000008b8      0x208 ./Drivers/STM32F1xx_HAL_Driver/Src/stm32f1xx_hal_uart.o
 .debug_aranges
                0x0000000000000ac0       0x48 ./libs/lcd_i2c.o

.debug_rnglists
                0x0000000000000000      0x89f
 .debug_rnglists
                0x0000000000000000       0x6b ./Core/Src/main.o
 .debug_rnglists
                0x000000000000006b       0x38 ./Core/Src/stm32f1xx_hal_msp.o
 .debug_rnglists
                0x00000000000000a3       0x55 ./Core/Src/stm32f1xx_it.o
 .debug_rnglists
                0x00000000000000f8       0x1a ./Core/Src/system_stm32f1xx.o
 .debug_rnglists
                0x0000000000000112       0x19 ./Core/Startup/startup_stm32f103c8tx.o
 .debug_rnglists
                0x000000000000012b       0xa3 ./Drivers/STM32F1xx_HAL_Driver/Src/stm32f1xx_hal.o
 .debug_rnglists
                0x00000000000001ce       0xbc ./Drivers/STM32F1xx_HAL_Driver/Src/stm32f1xx_hal_adc.o
 .debug_rnglists
                0x000000000000028a       0xbb ./Drivers/STM32F1xx_HAL_Driver/Src/stm32f1xx_hal_cortex.o
 .debug_rnglists
                0x0000000000000345       0x64 ./Drivers/STM32F1xx_HAL_Driver/Src/stm32f1xx_hal_dma.o
 .debug_rnglists
                0x00000000000003a9       0x3f ./Drivers/STM32F1xx_HAL_Driver/Src/stm32f1xx_hal_gpio.o
 .debug_rnglists
                0x00000000000003e8      0x23c ./Drivers/STM32F1xx_HAL_Driver/Src/stm32f1xx_hal_i2c.o
 .debug_rnglists
                0x0000000000000624       0x6c ./Drivers/STM32F1xx_HAL_Driver/Src/stm32f1xx_hal_rcc.o
 .debug_rnglists
                0x0000000000000690       0x21 ./Drivers/STM32F1xx_HAL_Driver/Src/stm32f1xx_hal_rcc_ex.o
 .debug_rnglists
                0x00000000000006b1      0x1bc ./Drivers/STM32F1xx_HAL_Driver/Src/stm32f1xx_hal_uart.o
 .debug_rnglists
                0x000000000000086d       0x32 ./libs/lcd_i2c.o

.debug_macro    0x0000000000000000    0x17c5a
 .debug_macro   0x0000000000000000      0x2c7 ./Core/Src/main.o
 .debug_macro   0x00000000000002c7      0xa9c ./Core/Src/main.o
 .debug_macro   0x0000000000000d63      0x227 ./Core/Src/main.o
 .debug_macro   0x0000000000000f8a       0x2e ./Core/Src/main.o
 .debug_macro   0x0000000000000fb8       0x22 ./Core/Src/main.o
 .debug_macro   0x0000000000000fda       0x22 ./Core/Src/main.o
 .debug_macro   0x0000000000000ffc       0x8e ./Core/Src/main.o
 .debug_macro   0x000000000000108a       0x51 ./Core/Src/main.o
 .debug_macro   0x00000000000010db      0x103 ./Core/Src/main.o
 .debug_macro   0x00000000000011de       0x6a ./Core/Src/main.o
 .debug_macro   0x0000000000001248      0x1df ./Core/Src/main.o
 .debug_macro   0x0000000000001427       0x1c ./Core/Src/main.o
 .debug_macro   0x0000000000001443       0x22 ./Core/Src/main.o
 .debug_macro   0x0000000000001465       0xbd ./Core/Src/main.o
 .debug_macro   0x0000000000001522      0xd23 ./Core/Src/main.o
 .debug_macro   0x0000000000002245     0xe09e ./Core/Src/main.o
 .debug_macro   0x00000000000102e3       0x6d ./Core/Src/main.o
 .debug_macro   0x0000000000010350     0x348d ./Core/Src/main.o
 .debug_macro   0x00000000000137dd      0x174 ./Core/Src/main.o
 .debug_macro   0x0000000000013951       0x5c ./Core/Src/main.o
 .debug_macro   0x00000000000139ad      0x5bc ./Core/Src/main.o
 .debug_macro   0x0000000000013f69      0x289 ./Core/Src/main.o
 .debug_macro   0x00000000000141f2      0x1cb ./Core/Src/main.o
 .debug_macro   0x00000000000143bd      0x114 ./Core/Src/main.o
 .debug_macro   0x00000000000144d1      0x1b2 ./Core/Src/main.o
 .debug_macro   0x0000000000014683       0x27 ./Core/Src/main.o
 .debug_macro   0x00000000000146aa      0x136 ./Core/Src/main.o
 .debug_macro   0x00000000000147e0      0x1bc ./Core/Src/main.o
 .debug_macro   0x000000000001499c       0x34 ./Core/Src/main.o
 .debug_macro   0x00000000000149d0       0x3c ./Core/Src/main.o
 .debug_macro   0x0000000000014a0c       0x57 ./Core/Src/main.o
 .debug_macro   0x0000000000014a63      0x46a ./Core/Src/main.o
 .debug_macro   0x0000000000014ecd      0x1b5 ./Core/Src/main.o
 .debug_macro   0x0000000000015082       0x87 ./Core/Src/main.o
 .debug_macro   0x0000000000015109      0x240 ./Core/Src/main.o
 .debug_macro   0x0000000000015349      0x287 ./Core/Src/main.o
 .debug_macro   0x00000000000155d0      0x140 ./Core/Src/main.o
 .debug_macro   0x0000000000015710      0x28e ./Core/Src/main.o
 .debug_macro   0x000000000001599e       0x83 ./Core/Src/main.o
 .debug_macro   0x0000000000015a21       0x61 ./Core/Src/main.o
 .debug_macro   0x0000000000015a82       0x24 ./Core/Src/main.o
 .debug_macro   0x0000000000015aa6       0x43 ./Core/Src/main.o
 .debug_macro   0x0000000000015ae9       0x34 ./Core/Src/main.o
 .debug_macro   0x0000000000015b1d       0x16 ./Core/Src/main.o
 .debug_macro   0x0000000000015b33       0x43 ./Core/Src/main.o
 .debug_macro   0x0000000000015b76       0x34 ./Core/Src/main.o
 .debug_macro   0x0000000000015baa       0x10 ./Core/Src/main.o
 .debug_macro   0x0000000000015bba       0x58 ./Core/Src/main.o
 .debug_macro   0x0000000000015c12       0x8e ./Core/Src/main.o
 .debug_macro   0x0000000000015ca0       0x1c ./Core/Src/main.o
 .debug_macro   0x0000000000015cbc      0x177 ./Core/Src/main.o
 .debug_macro   0x0000000000015e33      0x369 ./Core/Src/main.o
 .debug_macro   0x000000000001619c       0x10 ./Core/Src/main.o
 .debug_macro   0x00000000000161ac       0x35 ./Core/Src/main.o
 .debug_macro   0x00000000000161e1       0x20 ./Core/Src/main.o
 .debug_macro   0x0000000000016201       0x1c ./Core/Src/main.o
 .debug_macro   0x000000000001621d       0x10 ./Core/Src/main.o
 .debug_macro   0x000000000001622d       0x1c ./Core/Src/main.o
 .debug_macro   0x0000000000016249       0x16 ./Core/Src/main.o
 .debug_macro   0x000000000001625f      0x147 ./Core/Src/main.o
 .debug_macro   0x00000000000163a6       0x6a ./Core/Src/main.o
 .debug_macro   0x0000000000016410      0x1b6 ./Core/Src/stm32f1xx_hal_msp.o
 .debug_macro   0x00000000000165c6      0x1c0 ./Core/Src/stm32f1xx_it.o
 .debug_macro   0x0000000000016786      0x1ac ./Core/Src/system_stm32f1xx.o
 .debug_macro   0x0000000000016932      0x1d0 ./Drivers/STM32F1xx_HAL_Driver/Src/stm32f1xx_hal.o
 .debug_macro   0x0000000000016b02      0x1c9 ./Drivers/STM32F1xx_HAL_Driver/Src/stm32f1xx_hal_adc.o
 .debug_macro   0x0000000000016ccb      0x1ac ./Drivers/STM32F1xx_HAL_Driver/Src/stm32f1xx_hal_cortex.o
 .debug_macro   0x0000000000016e77      0x1ac ./Drivers/STM32F1xx_HAL_Driver/Src/stm32f1xx_hal_dma.o
 .debug_macro   0x0000000000017023      0x217 ./Drivers/STM32F1xx_HAL_Driver/Src/stm32f1xx_hal_gpio.o
 .debug_macro   0x000000000001723a      0x1fa ./Drivers/STM32F1xx_HAL_Driver/Src/stm32f1xx_hal_i2c.o
 .debug_macro   0x0000000000017434      0x1be ./Drivers/STM32F1xx_HAL_Driver/Src/stm32f1xx_hal_rcc.o
 .debug_macro   0x00000000000175f2      0x1ac ./Drivers/STM32F1xx_HAL_Driver/Src/stm32f1xx_hal_rcc_ex.o
 .debug_macro   0x000000000001779e      0x1ad ./Drivers/STM32F1xx_HAL_Driver/Src/stm32f1xx_hal_uart.o
 .debug_macro   0x000000000001794b      0x2cd ./libs/lcd_i2c.o
 .debug_macro   0x0000000000017c18       0x16 ./libs/lcd_i2c.o
 .debug_macro   0x0000000000017c2e       0x16 ./libs/lcd_i2c.o
 .debug_macro   0x0000000000017c44       0x16 ./libs/lcd_i2c.o

.debug_line     0x0000000000000000     0xe88c
 .debug_line    0x0000000000000000      0xdb4 ./Core/Src/main.o
 .debug_line    0x0000000000000db4      0x81b ./Core/Src/stm32f1xx_hal_msp.o
 .debug_line    0x00000000000015cf      0x81e ./Core/Src/stm32f1xx_it.o
 .debug_line    0x0000000000001ded      0x792 ./Core/Src/system_stm32f1xx.o
 .debug_line    0x000000000000257f       0x78 ./Core/Startup/startup_stm32f103c8tx.o
 .debug_line    0x00000000000025f7      0x9bf ./Drivers/STM32F1xx_HAL_Driver/Src/stm32f1xx_hal.o
 .debug_line    0x0000000000002fb6     0x103c ./Drivers/STM32F1xx_HAL_Driver/Src/stm32f1xx_hal_adc.o
 .debug_line    0x0000000000003ff2      0xba7 ./Drivers/STM32F1xx_HAL_Driver/Src/stm32f1xx_hal_cortex.o
 .debug_line    0x0000000000004b99      0xe18 ./Drivers/STM32F1xx_HAL_Driver/Src/stm32f1xx_hal_dma.o
 .debug_line    0x00000000000059b1      0xa58 ./Drivers/STM32F1xx_HAL_Driver/Src/stm32f1xx_hal_gpio.o
 .debug_line    0x0000000000006409     0x3b36 ./Drivers/STM32F1xx_HAL_Driver/Src/stm32f1xx_hal_i2c.o
 .debug_line    0x0000000000009f3f      0xdc8 ./Drivers/STM32F1xx_HAL_Driver/Src/stm32f1xx_hal_rcc.o
 .debug_line    0x000000000000ad07      0x903 ./Drivers/STM32F1xx_HAL_Driver/Src/stm32f1xx_hal_rcc_ex.o
 .debug_line    0x000000000000b60a     0x28ed ./Drivers/STM32F1xx_HAL_Driver/Src/stm32f1xx_hal_uart.o
 .debug_line    0x000000000000def7      0x995 ./libs/lcd_i2c.o

.debug_str      0x0000000000000000    0x8950d
 .debug_str     0x0000000000000000    0x86fa5 ./Core/Src/main.o
                                      0x87464 (size before relaxing)
 .debug_str     0x0000000000086fa5       0xf3 ./Core/Src/stm32f1xx_hal_msp.o
                                      0x83443 (size before relaxing)
 .debug_str     0x0000000000087098      0x132 ./Core/Src/stm32f1xx_it.o
                                      0x82ded (size before relaxing)
 .debug_str     0x00000000000871ca       0x7e ./Core/Src/system_stm32f1xx.o
                                      0x82b8c (size before relaxing)
 .debug_str     0x0000000000087248       0x34 ./Core/Startup/startup_stm32f103c8tx.o
                                         0x4d (size before relaxing)
 .debug_str     0x000000000008727c      0x378 ./Drivers/STM32F1xx_HAL_Driver/Src/stm32f1xx_hal.o
                                      0x832bf (size before relaxing)
 .debug_str     0x00000000000875f4      0x38d ./Drivers/STM32F1xx_HAL_Driver/Src/stm32f1xx_hal_adc.o
                                      0x83270 (size before relaxing)
 .debug_str     0x0000000000087981      0x2a8 ./Drivers/STM32F1xx_HAL_Driver/Src/stm32f1xx_hal_cortex.o
                                      0x8320b (size before relaxing)
 .debug_str     0x0000000000087c29      0x1e7 ./Drivers/STM32F1xx_HAL_Driver/Src/stm32f1xx_hal_dma.o
                                      0x82f35 (size before relaxing)
 .debug_str     0x0000000000087e10      0x295 ./Drivers/STM32F1xx_HAL_Driver/Src/stm32f1xx_hal_gpio.o
                                      0x82f12 (size before relaxing)
 .debug_str     0x00000000000880a5      0xba2 ./Drivers/STM32F1xx_HAL_Driver/Src/stm32f1xx_hal_i2c.o
                                      0x83c53 (size before relaxing)
 .debug_str     0x0000000000088c47      0x209 ./Drivers/STM32F1xx_HAL_Driver/Src/stm32f1xx_hal_rcc.o
                                      0x82fbb (size before relaxing)
 .debug_str     0x0000000000088e50       0x84 ./Drivers/STM32F1xx_HAL_Driver/Src/stm32f1xx_hal_rcc_ex.o
                                      0x82d0b (size before relaxing)
 .debug_str     0x0000000000088ed4      0x5cf ./Drivers/STM32F1xx_HAL_Driver/Src/stm32f1xx_hal_uart.o
                                      0x8362c (size before relaxing)
 .debug_str     0x00000000000894a3       0x6a ./libs/lcd_i2c.o
                                      0x86995 (size before relaxing)

.debug_frame    0x0000000000000000     0x2d04
 .debug_frame   0x0000000000000000      0x1f4 ./Core/Src/main.o
 .debug_frame   0x00000000000001f4      0x110 ./Core/Src/stm32f1xx_hal_msp.o
 .debug_frame   0x0000000000000304      0x158 ./Core/Src/stm32f1xx_it.o
 .debug_frame   0x000000000000045c       0x58 ./Core/Src/system_stm32f1xx.o
 .debug_frame   0x00000000000004b4      0x334 ./Drivers/STM32F1xx_HAL_Driver/Src/stm32f1xx_hal.o
 .debug_frame   0x00000000000007e8      0x40c ./Drivers/STM32F1xx_HAL_Driver/Src/stm32f1xx_hal_adc.o
 .debug_frame   0x0000000000000bf4      0x428 ./Drivers/STM32F1xx_HAL_Driver/Src/stm32f1xx_hal_cortex.o
 .debug_frame   0x000000000000101c      0x208 ./Drivers/STM32F1xx_HAL_Driver/Src/stm32f1xx_hal_dma.o
 .debug_frame   0x0000000000001224      0x14c ./Drivers/STM32F1xx_HAL_Driver/Src/stm32f1xx_hal_gpio.o
 .debug_frame   0x0000000000001370      0xc84 ./Drivers/STM32F1xx_HAL_Driver/Src/stm32f1xx_hal_i2c.o
 .debug_frame   0x0000000000001ff4      0x218 ./Drivers/STM32F1xx_HAL_Driver/Src/stm32f1xx_hal_rcc.o
 .debug_frame   0x000000000000220c       0x80 ./Drivers/STM32F1xx_HAL_Driver/Src/stm32f1xx_hal_rcc_ex.o
 .debug_frame   0x000000000000228c      0x944 ./Drivers/STM32F1xx_HAL_Driver/Src/stm32f1xx_hal_uart.o
 .debug_frame   0x0000000000002bd0       0xe8 ./libs/lcd_i2c.o
 .debug_frame   0x0000000000002cb8       0x20 D:/ST/STM32CubeIDE_1.13.2/STM32CubeIDE/plugins/com.st.stm32cube.ide.mcu.externaltools.gnu-tools-for-stm32.11.3.rel1.win32_1.1.1.202309131626/tools/bin/../lib/gcc/arm-none-eabi/11.3.1/../../../../arm-none-eabi/lib/thumb/v7-m/nofp\libc_nano.a(libc_a-memset.o)
 .debug_frame   0x0000000000002cd8       0x2c D:/ST/STM32CubeIDE_1.13.2/STM32CubeIDE/plugins/com.st.stm32cube.ide.mcu.externaltools.gnu-tools-for-stm32.11.3.rel1.win32_1.1.1.202309131626/tools/bin/../lib/gcc/arm-none-eabi/11.3.1/../../../../arm-none-eabi/lib/thumb/v7-m/nofp\libc_nano.a(libc_a-init.o)

.debug_line_str
                0x0000000000000000       0x41
 .debug_line_str
                0x0000000000000000       0x41 ./Core/Startup/startup_stm32f103c8tx.o
                                         0x59 (size before relaxing)
