../Core/Src/main.c:89:1:Display_by_Solenoid	16	static
../Core/Src/main.c:125:1:Capital_Letter	8	static
../Core/Src/main.c:133:1:number	8	static
../Core/Src/main.c:141:1:chuyen	8	static
../Core/Src/main.c:165:1:HAL_GPIO_EXTI_Callback	16	static
../Core/Src/main.c:187:1:HAL_UART_RxCpltCallback	16	static
../Core/Src/main.c:212:1:Saving	16	static
../Core/Src/main.c:231:1:main	40	static
../Core/Src/main.c:471:6:SystemClock_Config	88	static
../Core/Src/main.c:515:13:MX_ADC1_Init	24	static
../Core/Src/main.c:562:13:MX_I2C1_Init	8	static
../Core/Src/main.c:596:13:MX_USART2_UART_Init	8	static
../Core/Src/main.c:627:13:MX_DMA_Init	16	static
../Core/Src/main.c:645:13:MX_GPIO_Init	40	static
../Core/Src/main.c:704:6:Error_Handler	4	static,ignoring_inline_asm
